[2026-05-03 16:36:46] [INFO] [saver] [Saver] Logging initialized (level=INFO, file=logs\app.log)
[2026-05-03 16:36:46] [INFO] [__main__] 开始抓取资金流向数据: 市场=a股, 模式=api, 页数=10
[2026-05-03 16:36:46] [INFO] [__main__] 第 1 页: 提取 100 条记录
[2026-05-03 16:36:48] [INFO] [__main__] 第 2 页: 提取 100 条记录
[2026-05-03 16:36:51] [INFO] [__main__] 第 3 页: 提取 100 条记录
[2026-05-03 16:36:53] [INFO] [__main__] 第 4 页: 提取 100 条记录
[2026-05-03 16:36:55] [INFO] [__main__] 第 5 页: 提取 100 条记录
[2026-05-03 16:36:57] [INFO] [__main__] 第 6 页: 提取 100 条记录
[2026-05-03 16:36:59] [INFO] [__main__] 第 7 页: 提取 100 条记录
[2026-05-03 16:37:02] [INFO] [__main__] 第 8 页: 提取 100 条记录
[2026-05-03 16:37:03] [INFO] [__main__] 第 9 页: 提取 100 条记录
[2026-05-03 16:37:06] [INFO] [__main__] 第 10 页: 提取 100 条记录
[2026-05-03 16:37:06] [INFO] [__main__] 去重前: 1000 条记录
[2026-05-03 16:37:06] [INFO] [__main__] 去重后: 1000 条记录
[2026-05-03 16:37:06] [INFO] [__main__] 准备导出 1000 条记录
[2026-05-03 16:37:06] [INFO] [__main__] 字段列表: ['代码', '名称', '最新价', '涨跌幅', '涨跌额', '成交量', '成交额', '振幅', '换手率', '市盈率', '量比', '最高', '最低', '今开', '昨收', '主力净流入', '主力净比', '超大单净流入', '超大单净比', '大单净流入', '大单净比', '中单净流入', '中单净比', '小单净流入', '小单净比']
[2026-05-03 16:37:06] [INFO] [__main__] 第一条记录: {'代码': '300212', '名称': '*ST易录', '最新价': '6.55', '涨跌幅': '-20.02', '涨跌额': '-1.64', '成交量': '551240', '成交额': '367347345.18', '振幅': '5.49', '换手率': '7.89', '市盈率': '-24.52', '量比': '1.9', '最高': '7.0', '最低': '6.55', '今开': '6.71', '昨收': '8.19', '主力净流入': '14117550.0', '主力净比': '', '超大单净流入': '', '超大单净比': '', '大单净流入': '', '大单净比': '', '中单净流入': '', '中单净比': '', '小单净流入': '', '小单净比': ''}
[2026-05-03 16:37:08] [INFO] [saver] [Saver] Exported 1000 records to output\eastmoney_a股_20260503_163706.xlsx
[2026-05-03 16:37:08] [INFO] [__main__] 数据已导出至: output\eastmoney_a股_20260503_163706.xlsx
[2026-05-03 16:37:08] [INFO] [__main__] 文件大小: 111.27 KB
[2026-05-03 21:12:18] [INFO] [saver] [Saver] Logging initialized (level=INFO, file=logs\app.log)
[2026-05-03 21:12:18] [INFO] [__main__] 开始抓取资金流向数据: 市场=a股, 模式=api, 页数=10
[2026-05-03 21:12:19] [INFO] [__main__] 第 1 页: 提取 100 条记录
[2026-05-03 21:12:21] [INFO] [__main__] 第 2 页: 提取 100 条记录
[2026-05-03 21:12:23] [INFO] [__main__] 第 3 页: 提取 100 条记录
[2026-05-03 21:12:26] [INFO] [__main__] 第 4 页: 提取 100 条记录
[2026-05-03 21:12:27] [INFO] [__main__] 第 5 页: 提取 100 条记录
[2026-05-03 21:12:29] [INFO] [__main__] 第 6 页: 提取 100 条记录
[2026-05-03 21:12:32] [INFO] [__main__] 第 7 页: 提取 100 条记录
[2026-05-03 21:12:33] [INFO] [__main__] 第 8 页: 提取 100 条记录
[2026-05-03 21:12:35] [INFO] [__main__] 第 9 页: 提取 100 条记录
[2026-05-03 21:12:37] [INFO] [__main__] 第 10 页: 提取 100 条记录
[2026-05-03 21:12:37] [INFO] [__main__] 去重前: 1000 条记录
[2026-05-03 21:12:37] [INFO] [__main__] 去重后: 1000 条记录
[2026-05-03 21:12:37] [INFO] [__main__] 准备导出 1000 条记录
[2026-05-03 21:12:37] [INFO] [__main__] 字段列表: ['代码', '名称', '最新价', '涨跌幅', '涨跌额', '成交量', '成交额', '振幅', '换手率', '市盈率', '量比', '最高', '最低', '今开', '昨收', '主力净流入', '主力净比', '超大单净流入', '超大单净比', '大单净流入', '大单净比', '中单净流入', '中单净比', '小单净流入', '小单净比']
[2026-05-03 21:12:37] [INFO] [__main__] 第一条记录: {'代码': '300212', '名称': '*ST易录', '最新价': '6.55', '涨跌幅': '-20.02', '涨跌额': '-1.64', '成交量': '551240', '成交额': '367347345.18', '振幅': '5.49', '换手率': '7.89', '市盈率': '-24.52', '量比': '1.9', '最高': '7.0', '最低': '6.55', '今开': '6.71', '昨收': '8.19', '主力净流入': '14117550.0', '主力净比': '', '超大单净流入': '', '超大单净比': '', '大单净流入': '', '大单净比': '', '中单净流入': '', '中单净比': '', '小单净流入': '', '小单净比': ''}
[2026-05-03 21:12:39] [INFO] [saver] [Saver] Exported 1000 records to output\eastmoney_a股_20260503_211237.xlsx
[2026-05-03 21:12:39] [INFO] [__main__] 数据已导出至: output\eastmoney_a股_20260503_211237.xlsx
[2026-05-03 21:12:39] [INFO] [__main__] 文件大小: 111.28 KB
